// Jest Snapshot v1, https://goo.gl/fbAQLP

exports[`PageComponentWeather renders correctly 1`] = `
<h1
  onClick={[Function]}
>
  The weather is 
  sunny
  , and the counter shows 
  1
</h1>
`;

exports[`clicks the h1 Element and updates the state 1`] = `
<h1
  onClick={[Function]}
>
  The weather is 
  sunny
  , and the counter shows 
  2
</h1>
`;
